// Vitest Snapshot v1, https://vitest.dev/guide/snapshot.html

exports[`has documented default options 1`] = `
{
  "cancellationPeriod": 75,
  "color": "currentColor",
  "directive": "wave",
  "dissolveDuration": 0.15,
  "duration": 0.4,
  "easing": "ease-out",
  "finalOpacity": 0.1,
  "initialOpacity": 0.2,
  "tagName": "div",
  "trigger": "auto",
}
`;
